Archive member included to satisfy reference by file (symbol)

/opt/st/stm32cubeide_1.17.0/plugins/com.st.stm32cube.ide.mcu.externaltools.gnu-tools-for-stm32.12.3.rel1.linux64_1.1.0.202410170702/tools/bin/../lib/gcc/arm-none-eabi/12.3.1/../../../../arm-none-eabi/lib/thumb/v7e-m+fp/hard/libc_nano.a(libc_a-exit.o)
                              /opt/st/stm32cubeide_1.17.0/plugins/com.st.stm32cube.ide.mcu.externaltools.gnu-tools-for-stm32.12.3.rel1.linux64_1.1.0.202410170702/tools/bin/../lib/gcc/arm-none-eabi/12.3.1/../../../../arm-none-eabi/lib/thumb/v7e-m+fp/hard/crt0.o (exit)
/opt/st/stm32cubeide_1.17.0/plugins/com.st.stm32cube.ide.mcu.externaltools.gnu-tools-for-stm32.12.3.rel1.linux64_1.1.0.202410170702/tools/bin/../lib/gcc/arm-none-eabi/12.3.1/../../../../arm-none-eabi/lib/thumb/v7e-m+fp/hard/libc_nano.a(libc_a-findfp.o)
                              /opt/st/stm32cubeide_1.17.0/plugins/com.st.stm32cube.ide.mcu.externaltools.gnu-tools-for-stm32.12.3.rel1.linux64_1.1.0.202410170702/tools/bin/../lib/gcc/arm-none-eabi/12.3.1/../../../../arm-none-eabi/lib/thumb/v7e-m+fp/hard/libc_nano.a(libc_a-exit.o) (__stdio_exit_handler)
/opt/st/stm32cubeide_1.17.0/plugins/com.st.stm32cube.ide.mcu.externaltools.gnu-tools-for-stm32.12.3.rel1.linux64_1.1.0.202410170702/tools/bin/../lib/gcc/arm-none-eabi/12.3.1/../../../../arm-none-eabi/lib/thumb/v7e-m+fp/hard/libc_nano.a(libc_a-fwalk.o)
                              /opt/st/stm32cubeide_1.17.0/plugins/com.st.stm32cube.ide.mcu.externaltools.gnu-tools-for-stm32.12.3.rel1.linux64_1.1.0.202410170702/tools/bin/../lib/gcc/arm-none-eabi/12.3.1/../../../../arm-none-eabi/lib/thumb/v7e-m+fp/hard/libc_nano.a(libc_a-findfp.o) (_fwalk_sglue)
/opt/st/stm32cubeide_1.17.0/plugins/com.st.stm32cube.ide.mcu.externaltools.gnu-tools-for-stm32.12.3.rel1.linux64_1.1.0.202410170702/tools/bin/../lib/gcc/arm-none-eabi/12.3.1/../../../../arm-none-eabi/lib/thumb/v7e-m+fp/hard/libc_nano.a(libc_a-stdio.o)
                              /opt/st/stm32cubeide_1.17.0/plugins/com.st.stm32cube.ide.mcu.externaltools.gnu-tools-for-stm32.12.3.rel1.linux64_1.1.0.202410170702/tools/bin/../lib/gcc/arm-none-eabi/12.3.1/../../../../arm-none-eabi/lib/thumb/v7e-m+fp/hard/libc_nano.a(libc_a-findfp.o) (__sread)
/opt/st/stm32cubeide_1.17.0/plugins/com.st.stm32cube.ide.mcu.externaltools.gnu-tools-for-stm32.12.3.rel1.linux64_1.1.0.202410170702/tools/bin/../lib/gcc/arm-none-eabi/12.3.1/../../../../arm-none-eabi/lib/thumb/v7e-m+fp/hard/libc_nano.a(libc_a-memset.o)
                              /opt/st/stm32cubeide_1.17.0/plugins/com.st.stm32cube.ide.mcu.externaltools.gnu-tools-for-stm32.12.3.rel1.linux64_1.1.0.202410170702/tools/bin/../lib/gcc/arm-none-eabi/12.3.1/../../../../arm-none-eabi/lib/thumb/v7e-m+fp/hard/crt0.o (memset)
/opt/st/stm32cubeide_1.17.0/plugins/com.st.stm32cube.ide.mcu.externaltools.gnu-tools-for-stm32.12.3.rel1.linux64_1.1.0.202410170702/tools/bin/../lib/gcc/arm-none-eabi/12.3.1/../../../../arm-none-eabi/lib/thumb/v7e-m+fp/hard/libc_nano.a(libc_a-closer.o)
                              /opt/st/stm32cubeide_1.17.0/plugins/com.st.stm32cube.ide.mcu.externaltools.gnu-tools-for-stm32.12.3.rel1.linux64_1.1.0.202410170702/tools/bin/../lib/gcc/arm-none-eabi/12.3.1/../../../../arm-none-eabi/lib/thumb/v7e-m+fp/hard/libc_nano.a(libc_a-stdio.o) (_close_r)
/opt/st/stm32cubeide_1.17.0/plugins/com.st.stm32cube.ide.mcu.externaltools.gnu-tools-for-stm32.12.3.rel1.linux64_1.1.0.202410170702/tools/bin/../lib/gcc/arm-none-eabi/12.3.1/../../../../arm-none-eabi/lib/thumb/v7e-m+fp/hard/libc_nano.a(libc_a-reent.o)
                              /opt/st/stm32cubeide_1.17.0/plugins/com.st.stm32cube.ide.mcu.externaltools.gnu-tools-for-stm32.12.3.rel1.linux64_1.1.0.202410170702/tools/bin/../lib/gcc/arm-none-eabi/12.3.1/../../../../arm-none-eabi/lib/thumb/v7e-m+fp/hard/libc_nano.a(libc_a-closer.o) (errno)
/opt/st/stm32cubeide_1.17.0/plugins/com.st.stm32cube.ide.mcu.externaltools.gnu-tools-for-stm32.12.3.rel1.linux64_1.1.0.202410170702/tools/bin/../lib/gcc/arm-none-eabi/12.3.1/../../../../arm-none-eabi/lib/thumb/v7e-m+fp/hard/libc_nano.a(libc_a-impure.o)
                              /opt/st/stm32cubeide_1.17.0/plugins/com.st.stm32cube.ide.mcu.externaltools.gnu-tools-for-stm32.12.3.rel1.linux64_1.1.0.202410170702/tools/bin/../lib/gcc/arm-none-eabi/12.3.1/../../../../arm-none-eabi/lib/thumb/v7e-m+fp/hard/libc_nano.a(libc_a-reent.o) (_impure_ptr)
/opt/st/stm32cubeide_1.17.0/plugins/com.st.stm32cube.ide.mcu.externaltools.gnu-tools-for-stm32.12.3.rel1.linux64_1.1.0.202410170702/tools/bin/../lib/gcc/arm-none-eabi/12.3.1/../../../../arm-none-eabi/lib/thumb/v7e-m+fp/hard/libc_nano.a(libc_a-lseekr.o)
                              /opt/st/stm32cubeide_1.17.0/plugins/com.st.stm32cube.ide.mcu.externaltools.gnu-tools-for-stm32.12.3.rel1.linux64_1.1.0.202410170702/tools/bin/../lib/gcc/arm-none-eabi/12.3.1/../../../../arm-none-eabi/lib/thumb/v7e-m+fp/hard/libc_nano.a(libc_a-stdio.o) (_lseek_r)
[...]
Memory Configuration

Name             Origin             Length             Attributes
RAM              0x20000000         0x00020000         xrw
FLASH            0x08000000         0x00080000         xr
*default*        0x00000000         0xffffffff

Linker script and memory map

LOAD /opt/st/stm32cubeide_1.17.0/plugins/com.st.stm32cube.ide.mcu.externaltools.gnu-tools-for-stm32.12.3.rel1.linux64_1.1.0.202410170702/tools/bin/../lib/gcc/arm-none-eabi/12.3.1/thumb/v7e-m+fp/hard/crti.o
LOAD /opt/st/stm32cubeide_1.17.0/plugins/com.st.stm32cube.ide.mcu.externaltools.gnu-tools-for-stm32.12.3.rel1.linux64_1.1.0.202410170702/tools/bin/../lib/gcc/arm-none-eabi/12.3.1/thumb/v7e-m+fp/hard/crtbegin.o
LOAD /opt/st/stm32cubeide_1.17.0/plugins/com.st.stm32cube.ide.mcu.externaltools.gnu-tools-for-stm32.12.3.rel1.linux64_1.1.0.202410170702/tools/bin/../lib/gcc/arm-none-eabi/12.3.1/../../../../arm-none-eabi/lib/thumb/v7e-m+fp/hard/crt0.o
LOAD ./Core/Src/I2C_lib.o
LOAD ./Core/Src/SysTickDelay.o
LOAD ./Core/Src/main.o
LOAD ./Core/Src/syscalls.o
LOAD ./Core/Src/sysmem.o
LOAD ./Core/Src/system_stm32f4xx.o
LOAD ./Core/Startup/startup_stm32f446retx.o
START GROUP
LOAD /opt/st/stm32cubeide_1.17.0/plugins/com.st.stm32cube.ide.mcu.externaltools.gnu-tools-for-stm32.12.3.rel1.linux64_1.1.0.202410170702/tools/bin/../lib/gcc/arm-none-eabi/12.3.1/../../../../arm-none-eabi/lib/thumb/v7e-m+fp/hard/libc_nano.a
LOAD /opt/st/stm32cubeide_1.17.0/plugins/com.st.stm32cube.ide.mcu.externaltools.gnu-tools-for-stm32.12.3.rel1.linux64_1.1.0.202410170702/tools/bin/../lib/gcc/arm-none-eabi/12.3.1/../../../../arm-none-eabi/lib/thumb/v7e-m+fp/hard/libm.a
END GROUP
START GROUP
LOAD /opt/st/stm32cubeide_1.17.0/plugins/com.st.stm32cube.ide.mcu.externaltools.gnu-tools-for-stm32.12.3.rel1.linux64_1.1.0.202410170702/tools/bin/../lib/gcc/arm-none-eabi/12.3.1/thumb/v7e-m+fp/hard/libgcc.a
LOAD /opt/st/stm32cubeide_1.17.0/plugins/com.st.stm32cube.ide.mcu.externaltools.gnu-tools-for-stm32.12.3.rel1.linux64_1.1.0.202410170702/tools/bin/../lib/gcc/arm-none-eabi/12.3.1/../../../../arm-none-eabi/lib/thumb/v7e-m+fp/hard/libc_nano.a
END GROUP
START GROUP
LOAD /opt/st/stm32cubeide_1.17.0/plugins/com.st.stm32cube.ide.mcu.externaltools.gnu-tools-for-stm32.12.3.rel1.linux64_1.1.0.202410170702/tools/bin/../lib/gcc/arm-none-eabi/12.3.1/thumb/v7e-m+fp/hard/libgcc.a
LOAD /opt/st/stm32cubeide_1.17.0/plugins/com.st.stm32cube.ide.mcu.externaltools.gnu-tools-for-stm32.12.3.rel1.linux64_1.1.0.202410170702/tools/bin/../lib/gcc/arm-none-eabi/12.3.1/../../../../arm-none-eabi/lib/thumb/v7e-m+fp/hard/libc_nano.a
LOAD /opt/st/stm32cubeide_1.17.0/plugins/com.st.stm32cube.ide.mcu.externaltools.gnu-tools-for-stm32.12.3.rel1.linux64_1.1.0.202410170702/tools/bin/../lib/gcc/arm-none-eabi/12.3.1/../../../../arm-none-eabi/lib/thumb/v7e-m+fp/hard/libnosys.a
END GROUP
START GROUP
LOAD /opt/st/stm32cubeide_1.17.0/plugins/com.st.stm32cube.ide.mcu.externaltools.gnu-tools-for-stm32.12.3.rel1.linux64_1.1.0.202410170702/tools/bin/../lib/gcc/arm-none-eabi/12.3.1/thumb/v7e-m+fp/hard/libgcc.a
LOAD /opt/st/stm32cubeide_1.17.0/plugins/com.st.stm32cube.ide.mcu.externaltools.gnu-tools-for-stm32.12.3.rel1.linux64_1.1.0.202410170702/tools/bin/../lib/gcc/arm-none-eabi/12.3.1/../../../../arm-none-eabi/lib/thumb/v7e-m+fp/hard/libc_nano.a
LOAD /opt/st/stm32cubeide_1.17.0/plugins/com.st.stm32cube.ide.mcu.externaltools.gnu-tools-for-stm32.12.3.rel1.linux64_1.1.0.202410170702/tools/bin/../lib/gcc/arm-none-eabi/12.3.1/../../../../arm-none-eabi/lib/thumb/v7e-m+fp/hard/libnosys.a
END GROUP
LOAD /opt/st/stm32cubeide_1.17.0/plugins/com.st.stm32cube.ide.mcu.externaltools.gnu-tools-for-stm32.12.3.rel1.linux64_1.1.0.202410170702/tools/bin/../lib/gcc/arm-none-eabi/12.3.1/thumb/v7e-m+fp/hard/crtend.o
LOAD /opt/st/stm32cubeide_1.17.0/plugins/com.st.stm32cube.ide.mcu.externaltools.gnu-tools-for-stm32.12.3.rel1.linux64_1.1.0.202410170702/tools/bin/../lib/gcc/arm-none-eabi/12.3.1/thumb/v7e-m+fp/hard/crtn.o
                0x20020000                        _estack = (ORIGIN (RAM) + LENGTH (RAM))
                0x00000200                        _Min_Heap_Size = 0x200
                0x00000400                        _Min_Stack_Size = 0x400

.isr_vector     0x08000000      0x1c4
                0x08000000                        . = ALIGN (0x4)
 *(.isr_vector)
 .isr_vector    0x08000000      0x1c4 ./Core/Startup/startup_stm32f446retx.o
                0x08000000                g_pfnVectors
                0x080001c4                        . = ALIGN (0x4)

.text           0x080001c4      0x2ec
                0x080001c4                        . = ALIGN (0x4)
 *(.text)
 .text          0x080001c4       0x40 /opt/st/stm32cubeide_1.17.0/plugins/com.st.stm32cube.ide.mcu.externaltools.gnu-tools-for-stm32.12.3.rel1.linux64_1.1.0.202410170702/tools/bin/../lib/gcc/arm-none-eabi/12.3.1/thumb/v7e-m+fp/hard/crtbegin.o
 *(.text*)
 .text.I2C1_MasterInit
                0x08000204       0x7c ./Core/Src/I2C_lib.o
                0x08000204                I2C1_MasterInit
 .text.I2C1_start
                0x08000280       0x30 ./Core/Src/I2C_lib.o
                0x08000280                I2C1_start
 .text.I2C1_address
                0x080002b0       0x50 ./Core/Src/I2C_lib.o
                0x080002b0                I2C1_address
 .text.I2C1_send
                0x08000300       0x40 ./Core/Src/I2C_lib.o
                0x08000300                I2C1_send
 .text.main     0x08000340       0x20 ./Core/Src/main.o
                0x08000340                main
 .text.GPIO_init
                0x08000360       0x78 ./Core/Src/main.o
                0x08000360                GPIO_init
 .text.SystemInit
                0x080003d8       0x24 ./Core/Src/system_stm32f4xx.o
                0x080003d8                SystemInit
 .text.Reset_Handler
                0x080003fc       0x50 ./Core/Startup/startup_stm32f446retx.o
                0x080003fc                Reset_Handler
 .text.Default_Handler
                0x0800044c        0x2 ./Core/Startup/startup_stm32f446retx.o
                0x0800044c                RTC_Alarm_IRQHandler
                0x0800044c                EXTI2_IRQHandler
                0x0800044c                TIM8_CC_IRQHandler
                0x0800044c                DebugMon_Handler
                0x0800044c                FMPI2C1_EV_IRQHandler
                0x0800044c                SPI4_IRQHandler
                0x0800044c                TIM1_CC_IRQHandler
                0x0800044c                DMA2_Stream5_IRQHandler
                0x0800044c                HardFault_Handler
                0x0800044c                DMA1_Stream5_IRQHandler
                0x0800044c                SysTick_Handler
                0x0800044c                PVD_IRQHandler
                0x0800044c                SDIO_IRQHandler
                0x0800044c                TAMP_STAMP_IRQHandler
                0x0800044c                PendSV_Handler
                0x0800044c                NMI_Handler
                0x0800044c                CAN2_RX1_IRQHandler
                0x0800044c                EXTI3_IRQHandler
                0x0800044c                TIM8_TRG_COM_TIM14_IRQHandler
                0x0800044c                TIM1_UP_TIM10_IRQHandler
                0x0800044c                TIM8_UP_TIM13_IRQHandler
                0x0800044c                I2C3_ER_IRQHandler
                0x0800044c                EXTI0_IRQHandler
                0x0800044c                I2C2_EV_IRQHandler
                0x0800044c                DMA1_Stream2_IRQHandler
                0x0800044c                CAN1_RX0_IRQHandler
                0x0800044c                FPU_IRQHandler
                0x0800044c                OTG_HS_WKUP_IRQHandler
                0x0800044c                UsageFault_Handler
                0x0800044c                CAN2_SCE_IRQHandler
                0x0800044c                DMA2_Stream2_IRQHandler
                0x0800044c                SPI1_IRQHandler
                0x0800044c                TIM6_DAC_IRQHandler
                0x0800044c                TIM1_BRK_TIM9_IRQHandler
                0x0800044c                DCMI_IRQHandler
                0x0800044c                CAN2_RX0_IRQHandler
                0x0800044c                DMA2_Stream3_IRQHandler
                0x0800044c                SAI2_IRQHandler
                0x0800044c                USART6_IRQHandler
                0x0800044c                USART3_IRQHandler
                0x0800044c                CAN1_RX1_IRQHandler
                0x0800044c                UART5_IRQHandler
                0x0800044c                DMA2_Stream0_IRQHandler
                0x0800044c                TIM4_IRQHandler
                0x0800044c                QUADSPI_IRQHandler
                0x0800044c                I2C1_EV_IRQHandler
                0x0800044c                DMA1_Stream6_IRQHandler
                0x0800044c                DMA1_Stream1_IRQHandler
                0x0800044c                UART4_IRQHandler
                0x0800044c                TIM3_IRQHandler
                0x0800044c                RCC_IRQHandler
                0x0800044c                TIM8_BRK_TIM12_IRQHandler
                0x0800044c                Default_Handler
                0x0800044c                CEC_IRQHandler
                0x0800044c                EXTI15_10_IRQHandler
                0x0800044c                ADC_IRQHandler
                0x0800044c                DMA1_Stream7_IRQHandler
                0x0800044c                TIM7_IRQHandler
                0x0800044c                CAN2_TX_IRQHandler
                0x0800044c                TIM5_IRQHandler
                0x0800044c                DMA2_Stream7_IRQHandler
                0x0800044c                I2C3_EV_IRQHandler
                0x0800044c                EXTI9_5_IRQHandler
                0x0800044c                RTC_WKUP_IRQHandler
                0x0800044c                SPDIF_RX_IRQHandler
                0x0800044c                SPI2_IRQHandler
                0x0800044c                OTG_HS_EP1_IN_IRQHandler
                0x0800044c                MemManage_Handler
                0x0800044c                DMA1_Stream0_IRQHandler
                0x0800044c                CAN1_TX_IRQHandler
                0x0800044c                SVC_Handler
                0x0800044c                FMPI2C1_ER_IRQHandler
                0x0800044c                EXTI4_IRQHandler
                0x0800044c                OTG_HS_EP1_OUT_IRQHandler
                0x0800044c                WWDG_IRQHandler
                0x0800044c                TIM2_IRQHandler
                0x0800044c                OTG_FS_WKUP_IRQHandler
                0x0800044c                TIM1_TRG_COM_TIM11_IRQHandler
                0x0800044c                OTG_HS_IRQHandler
                0x0800044c                EXTI1_IRQHandler
                0x0800044c                USART2_IRQHandler
                0x0800044c                I2C2_ER_IRQHandler
                0x0800044c                DMA2_Stream1_IRQHandler
                0x0800044c                CAN1_SCE_IRQHandler
                0x0800044c                FLASH_IRQHandler
                0x0800044c                DMA2_Stream4_IRQHandler
                0x0800044c                BusFault_Handler
                0x0800044c                USART1_IRQHandler
                0x0800044c                OTG_FS_IRQHandler
                0x0800044c                SPI3_IRQHandler
                0x0800044c                DMA1_Stream4_IRQHandler
                0x0800044c                I2C1_ER_IRQHandler
                0x0800044c                FMC_IRQHandler
                0x0800044c                DMA2_Stream6_IRQHandler
                0x0800044c                SAI1_IRQHandler
                0x0800044c                DMA1_Stream3_IRQHandler
 *fill*         0x0800044e        0x2 
 .text.__libc_init_array
                0x08000450       0x48 /opt/st/stm32cubeide_1.17.0/plugins/com.st.stm32cube.ide.mcu.externaltools.gnu-tools-for-stm32.12.3.rel1.linux64_1.1.0.202410170702/tools/bin/../lib/gcc/arm-none-eabi/12.3.1/../../../../arm-none-eabi/lib/thumb/v7e-m+fp/hard/libc_nano.a(libc_a-init.o)
                0x08000450                __libc_init_array
 *(.glue_7)
 .glue_7        0x08000498        0x0 linker stubs
 *(.glue_7t)
 .glue_7t       0x08000498        0x0 linker stubs
 *(.eh_frame)
 .eh_frame      0x08000498        0x0 /opt/st/stm32cubeide_1.17.0/plugins/com.st.stm32cube.ide.mcu.externaltools.gnu-tools-for-stm32.12.3.rel1.linux64_1.1.0.202410170702/tools/bin/../lib/gcc/arm-none-eabi/12.3.1/thumb/v7e-m+fp/hard/crtbegin.o
 *(.init)
 .init          0x08000498        0x4 /opt/st/stm32cubeide_1.17.0/plugins/com.st.stm32cube.ide.mcu.externaltools.gnu-tools-for-stm32.12.3.rel1.linux64_1.1.0.202410170702/tools/bin/../lib/gcc/arm-none-eabi/12.3.1/thumb/v7e-m+fp/hard/crti.o
                0x08000498                _init
 .init          0x0800049c        0x8 /opt/st/stm32cubeide_1.17.0/plugins/com.st.stm32cube.ide.mcu.externaltools.gnu-tools-for-stm32.12.3.rel1.linux64_1.1.0.202410170702/tools/bin/../lib/gcc/arm-none-eabi/12.3.1/thumb/v7e-m+fp/hard/crtn.o
 *(.fini)
 .fini          0x080004a4        0x4 /opt/st/stm32cubeide_1.17.0/plugins/com.st.stm32cube.ide.mcu.externaltools.gnu-tools-for-stm32.12.3.rel1.linux64_1.1.0.202410170702/tools/bin/../lib/gcc/arm-none-eabi/12.3.1/thumb/v7e-m+fp/hard/crti.o
                0x080004a4                _fini
 .fini          0x080004a8        0x8 /opt/st/stm32cubeide_1.17.0/plugins/com.st.stm32cube.ide.mcu.externaltools.gnu-tools-for-stm32.12.3.rel1.linux64_1.1.0.202410170702/tools/bin/../lib/gcc/arm-none-eabi/12.3.1/thumb/v7e-m+fp/hard/crtn.o
                0x080004b0                        . = ALIGN (0x4)
                0x080004b0                        _etext = .

.vfp11_veneer   0x080004b0        0x0
 .vfp11_veneer  0x080004b0        0x0 linker stubs

.v4_bx          0x080004b0        0x0
 .v4_bx         0x080004b0        0x0 linker stubs

.iplt           0x080004b0        0x0
 .iplt          0x080004b0        0x0 /opt/st/stm32cubeide_1.17.0/plugins/com.st.stm32cube.ide.mcu.externaltools.gnu-tools-for-stm32.12.3.rel1.linux64_1.1.0.202410170702/tools/bin/../lib/gcc/arm-none-eabi/12.3.1/thumb/v7e-m+fp/hard/crtbegin.o

.rel.dyn        0x080004b0        0x0
 .rel.iplt      0x080004b0        0x0 /opt/st/stm32cubeide_1.17.0/plugins/com.st.stm32cube.ide.mcu.externaltools.gnu-tools-for-stm32.12.3.rel1.linux64_1.1.0.202410170702/tools/bin/../lib/gcc/arm-none-eabi/12.3.1/thumb/v7e-m+fp/hard/crtbegin.o

.rodata         0x080004b0        0x0
                0x080004b0                        . = ALIGN (0x4)
 *(.rodata)
 *(.rodata*)
                0x080004b0                        . = ALIGN (0x4)

.ARM.extab      0x080004b0        0x0
                0x080004b0                        . = ALIGN (0x4)
 *(.ARM.extab* .gnu.linkonce.armextab.*)
                0x080004b0                        . = ALIGN (0x4)

.ARM            0x080004b0        0x0
                0x080004b0                        . = ALIGN (0x4)
                0x080004b0                        __exidx_start = .
 *(.ARM.exidx*)
                0x080004b0                        __exidx_end = .
                0x080004b0                        . = ALIGN (0x4)

.preinit_array  0x080004b0        0x0
                0x080004b0                        . = ALIGN (0x4)
                0x080004b0                        PROVIDE (__preinit_array_start = .)
 *(.preinit_array*)
                0x080004b0                        PROVIDE (__preinit_array_end = .)
                0x080004b0                        . = ALIGN (0x4)

.init_array     0x080004b0        0x4
                0x080004b0                        . = ALIGN (0x4)
                0x080004b0                        PROVIDE (__init_array_start = .)
 *(SORT_BY_NAME(.init_array.*))
 *(.init_array*)
 .init_array    0x080004b0        0x4 /opt/st/stm32cubeide_1.17.0/plugins/com.st.stm32cube.ide.mcu.externaltools.gnu-tools-for-stm32.12.3.rel1.linux64_1.1.0.202410170702/tools/bin/../lib/gcc/arm-none-eabi/12.3.1/thumb/v7e-m+fp/hard/crtbegin.o
                0x080004b4                        PROVIDE (__init_array_end = .)
                0x080004b4                        . = ALIGN (0x4)

.fini_array     0x080004b4        0x4
                0x080004b4                        . = ALIGN (0x4)
                [!provide]                        PROVIDE (__fini_array_start = .)
 *(SORT_BY_NAME(.fini_array.*))
 *(.fini_array*)
 .fini_array    0x080004b4        0x4 /opt/st/stm32cubeide_1.17.0/plugins/com.st.stm32cube.ide.mcu.externaltools.gnu-tools-for-stm32.12.3.rel1.linux64_1.1.0.202410170702/tools/bin/../lib/gcc/arm-none-eabi/12.3.1/thumb/v7e-m+fp/hard/crtbegin.o
                [!provide]                        PROVIDE (__fini_array_end = .)
                0x080004b8                        . = ALIGN (0x4)
                0x080004b8                        _sidata = LOADADDR (.data)

.data           0x20000000        0x0 load address 0x080004b8
                0x20000000                        . = ALIGN (0x4)
                0x20000000                        _sdata = .
 *(.data)
 *(.data*)
 *(.RamFunc)
 *(.RamFunc*)
                0x20000000                        . = ALIGN (0x4)
                0x20000000                        _edata = .

.igot.plt       0x20000000        0x0 load address 0x080004b8
 .igot.plt      0x20000000        0x0 /opt/st/stm32cubeide_1.17.0/plugins/com.st.stm32cube.ide.mcu.externaltools.gnu-tools-for-stm32.12.3.rel1.linux64_1.1.0.202410170702/tools/bin/../lib/gcc/arm-none-eabi/12.3.1/thumb/v7e-m+fp/hard/crtbegin.o
                0x20000000                        . = ALIGN (0x4)

.bss            0x20000000       0x1c load address 0x080004b8
                0x20000000                        _sbss = .
                0x20000000                        __bss_start__ = _sbss
 *(.bss)
 .bss           0x20000000       0x1c /opt/st/stm32cubeide_1.17.0/plugins/com.st.stm32cube.ide.mcu.externaltools.gnu-tools-for-stm32.12.3.rel1.linux64_1.1.0.202410170702/tools/bin/../lib/gcc/arm-none-eabi/12.3.1/thumb/v7e-m+fp/hard/crtbegin.o
 *(.bss*)
 *(COMMON)
                0x2000001c                        . = ALIGN (0x4)
                0x2000001c                        _ebss = .
                0x2000001c                        __bss_end__ = _ebss

._user_heap_stack
                0x2000001c      0x604 load address 0x080004b8
                0x20000020                        . = ALIGN (0x8)
 *fill*         0x2000001c        0x4 
                [!provide]                        PROVIDE (end = .)
                0x20000020                        PROVIDE (_end = .)
                0x20000220                        . = (. + _Min_Heap_Size)
 *fill*         0x20000020      0x200 
                0x20000620                        . = (. + _Min_Stack_Size)
 *fill*         0x20000220      0x400 
                0x20000620                        . = ALIGN (0x8)

/DISCARD/
 libc.a(*)
 libm.a(*)
 libgcc.a(*)

.ARM.attributes
                0x00000000       0x30
 *(.ARM.attributes)
 .ARM.attributes
                0x00000000       0x22 /opt/st/stm32cubeide_1.17.0/plugins/com.st.stm32cube.ide.mcu.externaltools.gnu-tools-for-stm32.12.3.rel1.linux64_1.1.0.202410170702/tools/bin/../lib/gcc/arm-none-eabi/12.3.1/thumb/v7e-m+fp/hard/crti.o
 .ARM.attributes
                0x00000022       0x34 /opt/st/stm32cubeide_1.17.0/plugins/com.st.stm32cube.ide.mcu.externaltools.gnu-tools-for-stm32.12.3.rel1.linux64_1.1.0.202410170702/tools/bin/../lib/gcc/arm-none-eabi/12.3.1/thumb/v7e-m+fp/hard/crtbegin.o
 .ARM.attributes
                0x00000056       0x34 ./Core/Src/I2C_lib.o
 .ARM.attributes
                0x0000008a       0x34 ./Core/Src/main.o
 .ARM.attributes
                0x000000be       0x34 ./Core/Src/system_stm32f4xx.o
 .ARM.attributes
                0x000000f2       0x21 ./Core/Startup/startup_stm32f446retx.o
 .ARM.attributes
                0x00000113       0x34 /opt/st/stm32cubeide_1.17.0/plugins/com.st.stm32cube.ide.mcu.externaltools.gnu-tools-for-stm32.12.3.rel1.linux64_1.1.0.202410170702/tools/bin/../lib/gcc/arm-none-eabi/12.3.1/../../../../arm-none-eabi/lib/thumb/v7e-m+fp/hard/libc_nano.a(libc_a-init.o)
 .ARM.attributes
                0x00000147       0x22 /opt/st/stm32cubeide_1.17.0/plugins/com.st.stm32cube.ide.mcu.externaltools.gnu-tools-for-stm32.12.3.rel1.linux64_1.1.0.202410170702/tools/bin/../lib/gcc/arm-none-eabi/12.3.1/thumb/v7e-m+fp/hard/crtn.o
OUTPUT(Smart_Plant.elf elf32-littlearm)
LOAD linker stubs
LOAD /opt/st/stm32cubeide_1.17.0/plugins/com.st.stm32cube.ide.mcu.externaltools.gnu-tools-for-stm32.12.3.rel1.linux64_1.1.0.202410170702/tools/bin/../lib/gcc/arm-none-eabi/12.3.1/../../../../arm-none-eabi/lib/thumb/v7e-m+fp/hard/libc.a
LOAD /opt/st/stm32cubeide_1.17.0/plugins/com.st.stm32cube.ide.mcu.externaltools.gnu-tools-for-stm32.12.3.rel1.linux64_1.1.0.202410170702/tools/bin/../lib/gcc/arm-none-eabi/12.3.1/../../../../arm-none-eabi/lib/thumb/v7e-m+fp/hard/libm.a
LOAD /opt/st/stm32cubeide_1.17.0/plugins/com.st.stm32cube.ide.mcu.externaltools.gnu-tools-for-stm32.12.3.rel1.linux64_1.1.0.202410170702/tools/bin/../lib/gcc/arm-none-eabi/12.3.1/thumb/v7e-m+fp/hard/libgcc.a

.debug_info     0x00000000      0xc58
 .debug_info    0x00000000      0x39d ./Core/Src/I2C_lib.o
 .debug_info    0x0000039d      0x348 ./Core/Src/main.o
 .debug_info    0x000006e5      0x543 ./Core/Src/system_stm32f4xx.o
 .debug_info    0x00000c28       0x30 ./Core/Startup/startup_stm32f446retx.o

.debug_abbrev   0x00000000      0x373
 .debug_abbrev  0x00000000      0x131 ./Core/Src/I2C_lib.o
 .debug_abbrev  0x00000131      0x104 ./Core/Src/main.o
 .debug_abbrev  0x00000235      0x11a ./Core/Src/system_stm32f4xx.o
 .debug_abbrev  0x0000034f       0x24 ./Core/Startup/startup_stm32f446retx.o

.debug_aranges  0x00000000       0xb8
 .debug_aranges
                0x00000000       0x40 ./Core/Src/I2C_lib.o
 .debug_aranges
                0x00000040       0x28 ./Core/Src/main.o
 .debug_aranges
                0x00000068       0x28 ./Core/Src/system_stm32f4xx.o
 .debug_aranges
                0x00000090       0x28 ./Core/Startup/startup_stm32f446retx.o

.debug_rnglists
                0x00000000       0x77
 .debug_rnglists
                0x00000000       0x2b ./Core/Src/I2C_lib.o
 .debug_rnglists
                0x0000002b       0x19 ./Core/Src/main.o
 .debug_rnglists
                0x00000044       0x1a ./Core/Src/system_stm32f4xx.o
 .debug_rnglists
                0x0000005e       0x19 ./Core/Startup/startup_stm32f446retx.o

.debug_macro    0x00000000    0x18c84
 .debug_macro   0x00000000       0xf9 ./Core/Src/I2C_lib.o
 .debug_macro   0x000000f9      0xaae ./Core/Src/I2C_lib.o
 .debug_macro   0x00000ba7       0x22 ./Core/Src/I2C_lib.o
 .debug_macro   0x00000bc9       0x8e ./Core/Src/I2C_lib.o
 .debug_macro   0x00000c57       0x51 ./Core/Src/I2C_lib.o
 .debug_macro   0x00000ca8      0x103 ./Core/Src/I2C_lib.o
 .debug_macro   0x00000dab       0x6a ./Core/Src/I2C_lib.o
 .debug_macro   0x00000e15      0x1df ./Core/Src/I2C_lib.o
 .debug_macro   0x00000ff4       0x2e ./Core/Src/I2C_lib.o
 .debug_macro   0x00001022       0x28 ./Core/Src/I2C_lib.o
 .debug_macro   0x0000104a       0x1c ./Core/Src/I2C_lib.o
 .debug_macro   0x00001066       0x22 ./Core/Src/I2C_lib.o
 .debug_macro   0x00001088       0xfb ./Core/Src/I2C_lib.o
 .debug_macro   0x00001183     0x1011 ./Core/Src/I2C_lib.o
 .debug_macro   0x00002194      0x11f ./Core/Src/I2C_lib.o
 .debug_macro   0x000022b3    0x16749 ./Core/Src/I2C_lib.o
 .debug_macro   0x000189fc       0x6d ./Core/Src/I2C_lib.o
 .debug_macro   0x00018a69       0x1c ./Core/Src/I2C_lib.o
 .debug_macro   0x00018a85       0x1c ./Core/Src/I2C_lib.o
 .debug_macro   0x00018aa1       0x10 ./Core/Src/I2C_lib.o
 .debug_macro   0x00018ab1       0xf9 ./Core/Src/main.o
 .debug_macro   0x00018baa       0xda ./Core/Src/system_stm32f4xx.o

.debug_line     0x00000000      0xf53
 .debug_line    0x00000000      0x57b ./Core/Src/I2C_lib.o
 .debug_line    0x0000057b      0x4a4 ./Core/Src/main.o
 .debug_line    0x00000a1f      0x4ba ./Core/Src/system_stm32f4xx.o
 .debug_line    0x00000ed9       0x7a ./Core/Startup/startup_stm32f446retx.o

.debug_str      0x00000000    0x8b324
 .debug_str     0x00000000    0x8b173 ./Core/Src/I2C_lib.o
                              0x8b309 (size before relaxing)
 .debug_str     0x0008b173       0x54 ./Core/Src/main.o
                              0x8b2f3 (size before relaxing)
 .debug_str     0x0008b1c7      0x119 ./Core/Src/system_stm32f4xx.o
                              0x8b271 (size before relaxing)
 .debug_str     0x0008b2e0       0x44 ./Core/Startup/startup_stm32f446retx.o
                                 0x7a (size before relaxing)

.comment        0x00000000       0x43
 .comment       0x00000000       0x43 ./Core/Src/I2C_lib.o
                                 0x44 (size before relaxing)
 .comment       0x00000043       0x44 ./Core/Src/main.o
 .comment       0x00000043       0x44 ./Core/Src/system_stm32f4xx.o

.debug_frame    0x00000000      0x198
 .debug_frame   0x00000000       0xc8 ./Core/Src/I2C_lib.o
 .debug_frame   0x000000c8       0x4c ./Core/Src/main.o
 .debug_frame   0x00000114       0x58 ./Core/Src/system_stm32f4xx.o
 .debug_frame   0x0000016c       0x2c /opt/st/stm32cubeide_1.17.0/plugins/com.st.stm32cube.ide.mcu.externaltools.gnu-tools-for-stm32.12.3.rel1.linux64_1.1.0.202410170702/tools/bin/../lib/gcc/arm-none-eabi/12.3.1/../../../../arm-none-eabi/lib/thumb/v7e-m+fp/hard/libc_nano.a(libc_a-init.o)

.debug_line_str
                0x00000000       0x5e
 .debug_line_str
                0x00000000       0x5e ./Core/Startup/startup_stm32f446retx.o
